
Assign.hpp
Bamg.hpp
CcodeGenerator.hpp
Configure.hpp
DirichletGeneratorTemplate.hpp
Dirichlet.hpp
DirichletScheme.hpp
DiscretizedComponents.hpp
Edge.hpp
Element.hpp
ElementMatrices.hpp
ElemGeneratorTemplate.hpp
ElemScheme.hpp
evalPair.hpp
Expression.hpp
exprString.hpp
feeldef.hpp
feelfem.hpp
feelfuncs.hpp
feelparse.hpp
FileLibrary.hpp
Fortran77Generator.hpp
Fortran77MPI.hpp
Fortran90Generator.hpp
Geometry.hpp
GEOpoint.hpp
ginac_funcs.hpp
iterator.hpp
junk
LIB_feelfem90AchimCG.hpp
LIB_feelfem90AMG81.hpp
LIB_feelfem90PAMG81.hpp
LIB_feelfem90PAMG.hpp
LIB_feelfem90SAMG20c.hpp
LIB_feelP2AchimCG.hpp
LIB_feelP2Achim.hpp
LIB_feelP2AchimLoc.hpp
LIB_feelP2iwashita.hpp
LIB_feelP2PCG.hpp
LIB_feelP2Skyline.hpp
list.hpp
MainGeneratorTemplate.hpp
Main.hpp
Main.hpp~
MainScheme.hpp
Makefile
MakefileObject.hpp
meshEvalGinac.hpp
MT_ff90AMGCRS.hpp
MT_ff90PAMGCRS.hpp
MT_P2CRS.hpp
MT_P2CRSLOC.hpp
MT_P2PCG.hpp
MT_P2SID.hpp
MT_P2Skyline.hpp
NeumannGeneratorTemplate.hpp
Neumann.hpp
NeumannScheme.hpp
Object.hpp
orderdlist.hpp
orderedPtrList.hpp
pairClass.hpp
parseExternals.hpp
PM_feelfem90DRAMA.hpp
PM_feelfem90.hpp
PM_feelP2DRAMA.hpp
PM_feelP2.hpp
Point.hpp
PolygonalRegion.hpp
Polygon.hpp
Procedure.hpp
ptrList.hpp
Quadrature.hpp
SL_feelfem90DRAMA.hpp
SL_feelfem90.hpp
SL_feelP2.hpp
SL_LIB_feelfem90SAMG20c.hpp
SL_LIB_feelP2Achim.hpp
SL_LIB_feelP2Skyline.hpp
SL_MT_ff90AMGCRS.hpp
SL_MT_ff90PAMGCRS.hpp
SL_MT_P2CRS.hpp
SL_MT_P2Skyline.hpp
SolveElement.hpp
SolveGeneratorTemplate.hpp
Solve.hpp
SolveScheme.hpp
Source.hpp
SourceLibrary.hpp
stack.hpp
string.hpp
TermConvert.hpp
Variable.hpp
vector.hpp
